// Jest Snapshot v1, https://goo.gl/fbAQLP

exports[`<QrCode /> renders download.tsx correctly 1`] = `
<DocumentFragment>
  <div
    id="myqrcode"
  >
    <div
      class="tech-qrcode"
      style="width: 128px; height: 128px;"
    >
      <canvas
        height="128"
        ke="http://www.baidu.com"
        style="height: 128px; width: 128px;"
        width="128"
      />
    </div>
    <button
      class="ant-btn ant-btn-default"
      style="margin-block-start: 16px;"
      type="button"
    >
      <span>
        下载二维码
      </span>
    </button>
  </div>
</DocumentFragment>
`;

exports[`<QrCode /> renders errorlevel.tsx correctly 1`] = `<DocumentFragment />`;

exports[`<QrCode /> renders logo.tsx correctly 1`] = `<DocumentFragment />`;

exports[`<QrCode /> renders outdated.tsx correctly 1`] = `<DocumentFragment />`;

exports[`<QrCode /> renders popover.tsx correctly 1`] = `<DocumentFragment />`;

exports[`<QrCode /> renders refresh.tsx correctly 1`] = `<DocumentFragment />`;

exports[`<QrCode /> renders rendermode.tsx correctly 1`] = `<DocumentFragment />`;

exports[`<QrCode /> renders withoutlogo.tsx correctly 1`] = `<DocumentFragment />`;
